A:
  B:
    C:
      D: [1]
    D: [2, 2]
  C:
    D: [3, 3, 3]
  D: [4, 4, 4, 4]
B:
  C:
    D: [5, 5, 5, 5, 5]
  D: [6, 6, 6, 6, 6, 6]
C:
  D: [7, 7, 7, 7, 7, 7, 7]
D: [8, 8, 8, 8, 8, 8, 8, 8]
