A.B.C.D.0: 1
A.B.D.0: 2
A.B.D.1: 2
A.C.D.0: 3
A.C.D.1: 3
A.C.D.2: 3
A.D.0: 4
A.D.1: 4
A.D.2: 4
A.D.3: 4
B.C.D.0: 5
B.C.D.1: 5
B.C.D.2: 5
B.C.D.3: 5
B.C.D.4: 5
B.D.0: 6
B.D.1: 6
B.D.2: 6
B.D.3: 6
B.D.4: 6
B.D.5: 6
C.D.0: 7
C.D.1: 7
C.D.2: 7
C.D.3: 7
C.D.4: 7
C.D.5: 7
C.D.6: 7
D.0: 8
D.1: 8
D.2: 8
D.3: 8
D.4: 8
D.5: 8
D.6: 8
D.7: 8
